src/app.ts(2,18): error TS7016: Could not find a declaration file for module 'cors'. 'C:/Users/Acer/OneDrive/Desktop/calcom/backend/node_modules/cors/lib/index.js' implicitly has an 'any' type.
  Try `npm i --save-dev @types/cors` if it exists or add a new declaration (.d.ts) file containing `declare module 'cors';`
src/modules/availability/availability.controller.ts(16,31): error TS2339: Property 'user' does not exist on type 'Request<ParamsDictionary, any, any, ParsedQs, Record<string, any>>'.
src/modules/availability/availability.controller.ts(43,31): error TS2339: Property 'user' does not exist on type 'Request<ParamsDictionary, any, any, ParsedQs, Record<string, any>>'.
src/modules/availability/availability.repository.ts(109,31): error TS2769: No overload matches this call.
  Overload 1 of 2, '(sql: string, values?: ExecuteValues | undefined): Promise<[ResultSetHeader, FieldPacket[]]>', gave the following error.
    Argument of type 'unknown[]' is not assignable to parameter of type 'ExecuteValues | undefined'.
      Type 'unknown[]' is not assignable to type 'ExecuteValues[]'.
        Type 'unknown' is not assignable to type 'ExecuteValues'.
  Overload 2 of 2, '(options: QueryOptions, values?: ExecuteValues | undefined): Promise<[ResultSetHeader, FieldPacket[]]>', gave the following error.
    Argument of type 'string' is not assignable to parameter of type 'QueryOptions'.
src/modules/bookings/booking.controller.ts(7,7): error TS2339: Property 'event_type_id' does not exist on type 'ReadableStream<Uint8Array<ArrayBuffer>> | null'.
src/modules/bookings/booking.controller.ts(8,7): error TS2339: Property 'user_id' does not exist on type 'ReadableStream<Uint8Array<ArrayBuffer>> | null'.
src/modules/bookings/booking.controller.ts(9,7): error TS2339: Property 'name' does not exist on type 'ReadableStream<Uint8Array<ArrayBuffer>> | null'.
src/modules/bookings/booking.controller.ts(10,7): error TS2339: Property 'email' does not exist on type 'ReadableStream<Uint8Array<ArrayBuffer>> | null'.
src/modules/bookings/booking.controller.ts(11,7): error TS2339: Property 'start_time' does not exist on type 'ReadableStream<Uint8Array<ArrayBuffer>> | null'.
src/modules/bookings/booking.controller.ts(12,7): error TS2339: Property 'end_time' does not exist on type 'ReadableStream<Uint8Array<ArrayBuffer>> | null'.
src/modules/bookings/booking.controller.ts(13,7): error TS2339: Property 'status' does not exist on type 'ReadableStream<Uint8Array<ArrayBuffer>> | null'.
src/modules/bookings/booking.controller.ts(14,7): error TS2339: Property 'custom_answers' does not exist on type 'ReadableStream<Uint8Array<ArrayBuffer>> | null'.
src/modules/bookings/booking.controller.ts(25,18): error TS2349: This expression is not callable.
  Type 'Number' has no call signatures.
src/modules/bookings/booking.controller.ts(35,18): error TS2349: This expression is not callable.
  Type 'Number' has no call signatures.
src/modules/bookings/booking.controller.ts(60,16): error TS2349: This expression is not callable.
  Type 'Number' has no call signatures.
src/modules/bookings/booking.controller.ts(69,16): error TS2349: This expression is not callable.
  Type 'Number' has no call signatures.
src/modules/bookings/booking.controller.ts(81,33): error TS2339: Property 'query' does not exist on type 'Request'.
src/modules/bookings/booking.controller.ts(86,18): error TS2349: This expression is not callable.
  Type 'Number' has no call signatures.
src/modules/bookings/booking.controller.ts(94,21): error TS2554: Expected 0 arguments, but got 1.
src/modules/bookings/booking.controller.ts(101,16): error TS2349: This expression is not callable.
  Type 'Number' has no call signatures.
src/modules/bookings/booking.controller.ts(110,27): error TS2339: Property 'params' does not exist on type 'Request'.
src/modules/bookings/booking.controller.ts(113,18): error TS2349: This expression is not callable.
  Type 'Number' has no call signatures.
src/modules/bookings/booking.controller.ts(122,18): error TS2349: This expression is not callable.
  Type 'Number' has no call signatures.
src/modules/bookings/booking.controller.ts(136,21): error TS2554: Expected 0 arguments, but got 1.
src/modules/bookings/booking.controller.ts(144,16): error TS2349: This expression is not callable.
  Type 'Number' has no call signatures.
src/modules/bookings/booking.routes.ts(14,18): error TS2769: No overload matches this call.
  The last overload gave the following error.
    Argument of type '(req: Request, res: Response) => Promise<any>' is not assignable to parameter of type 'Application<Record<string, any>>'.
      Type '(req: Request, res: Response) => Promise<any>' is missing the following properties from type 'Application<Record<string, any>>': init, defaultConfiguration, engine, set, and 63 more.
src/modules/bookings/booking.routes.ts(20,17): error TS2769: No overload matches this call.
  The last overload gave the following error.
    Argument of type '(req: Request, res: Response) => Promise<any>' is not assignable to parameter of type 'Application<Record<string, any>>'.
      Type '(req: Request, res: Response) => Promise<any>' is missing the following properties from type 'Application<Record<string, any>>': init, defaultConfiguration, engine, set, and 63 more.
src/modules/bookings/booking.routes.ts(26,29): error TS2769: No overload matches this call.
  The last overload gave the following error.
    Argument of type '(req: Request, res: Response) => Promise<any>' is not assignable to parameter of type 'Application<Record<string, any>>'.
      Type '(req: Request, res: Response) => Promise<any>' is missing the following properties from type 'Application<Record<string, any>>': init, defaultConfiguration, engine, set, and 63 more.
src/modules/eventTypes/eventType.controller.ts(18,31): error TS2339: Property 'user' does not exist on type 'Request<ParamsDictionary, any, any, ParsedQs, Record<string, any>>'.
src/modules/eventTypes/eventType.controller.ts(80,31): error TS2339: Property 'user' does not exist on type 'Request<ParamsDictionary, any, any, ParsedQs, Record<string, any>>'.
src/modules/eventTypes/eventType.repository.ts(138,31): error TS2769: No overload matches this call.
  Overload 1 of 2, '(sql: string, values?: ExecuteValues | undefined): Promise<[ResultSetHeader, FieldPacket[]]>', gave the following error.
    Argument of type 'unknown[]' is not assignable to parameter of type 'ExecuteValues | undefined'.
      Type 'unknown[]' is not assignable to type 'ExecuteValues[]'.
        Type 'unknown' is not assignable to type 'ExecuteValues'.
  Overload 2 of 2, '(options: QueryOptions, values?: ExecuteValues | undefined): Promise<[ResultSetHeader, FieldPacket[]]>', gave the following error.
    Argument of type 'string' is not assignable to parameter of type 'QueryOptions'.
